Script started on 2026-09-21 16:34:07-03:00 [COMMAND="/home/rafaelborba/rodar_evidencias.sh" TERM="xterm-256color" TTY="/dev/pts/5" COLUMNS="137" LINES="11"]
===== IDENTIFICACAO =====

$ pwd
/home/rafaelborba/rpb

$ whoami
rafaelborba

$ date
Mon Sep 21 16:34:07 -03 2026

$ uname -r
6.6.87.2-microsoft-standard-WSL2

===== VERSAO DO CODIGO =====

$ git log --oneline -5
[?1h=[33mb46eead[m[33m ([m[1;36mHEAD[m[33m -> [m[1;32mmain[m[33m, [m[1;31morigin/main[m[33m)[m criação do script evidencias[m
[33mc2ffd2d[m Pintos inicial[m
[K[?1l>
$ git status --short
 [31mM[m src/devices/timer.c

===== LIMPEZA E COMPILACAO =====

$ make -C /home/rafaelborba/rpb/src/threads clean
make: Entering directory '/home/rafaelborba/rpb/src/threads'
rm -rf build
make: Leaving directory '/home/rafaelborba/rpb/src/threads'

$ make -C /home/rafaelborba/rpb/src/threads
make: Entering directory '/home/rafaelborba/rpb/src/threads'
mkdir -p build/devices
mkdir -p build/lib
mkdir -p build/lib/kernel
mkdir -p build/lib/user
mkdir -p build/tests/threads
mkdir -p build/threads
cp ../Makefile.build build/Makefile
cd build && make all
make[1]: Entering directory '/home/rafaelborba/rpb/src/threads/build'
i386-elf-gcc -E -nostdinc -I../.. -I../../lib -I../../lib/kernel -P ../../threads/kernel.lds.S > threads/kernel.lds.s
i386-elf-gcc -c ../../threads/start.S -o threads/start.o -Wa,--gstabs,--32 -nostdinc -I../.. -I../../lib -I../../lib/kernel  -MMD -MF threads/start.d
i386-elf-gcc -c ../../threads/init.c -o threads/init.o -m32 -g -msoft-float -O0 -fno-stack-protector -nostdinc -I../.. -I../../lib -I../../lib/kernel -Wall -W -Wstrict-prototypes -Wmissing-prototypes -Wsystem-headers  -MMD -MF threads/init.d
i386-elf-gcc -c ../../threads/thread.c -o threads/thread.o -m32 -g -msoft-float -O0 -fno-stack-protector -nostdinc -I../.. -I../../lib -I../../lib/kernel -Wall -W -Wstrict-prototypes -Wmissing-prototypes -Wsystem-headers  -MMD -MF threads/thread.d
i386-elf-gcc -c ../../threads/switch.S -o threads/switch.o -Wa,--gstabs,--32 -nostdinc -I../.. -I../../lib -I../../lib/kernel  -MMD -MF threads/switch.d
i386-elf-gcc -c ../../threads/interrupt.c -o threads/interrupt.o -m32 -g -msoft-float -O0 -fno-stack-protector -nostdinc -I../.. -I../../lib -I../../lib/kernel -Wall -W -Wstrict-prototypes -Wmissing-prototypes -Wsystem-headers  -MMD -MF threads/interrupt.d
i386-elf-gcc -c ../../threads/intr-stubs.S -o threads/intr-stubs.o -Wa,--gstabs,--32 -nostdinc -I../.. -I../../lib -I../../lib/kernel  -MMD -MF threads/intr-stubs.d
i386-elf-gcc -c ../../threads/synch.c -o threads/synch.o -m32 -g -msoft-float -O0 -fno-stack-protector -nostdinc -I../.. -I../../lib -I../../lib/kernel -Wall -W -Wstrict-prototypes -Wmissing-prototypes -Wsystem-headers  -MMD -MF threads/synch.d
i386-elf-gcc -c ../../threads/palloc.c -o threads/palloc.o -m32 -g -msoft-float -O0 -fno-stack-protector -nostdinc -I../.. -I../../lib -I../../lib/kernel -Wall -W -Wstrict-prototypes -Wmissing-prototypes -Wsystem-headers  -MMD -MF threads/palloc.d
i386-elf-gcc -c ../../threads/malloc.c -o threads/malloc.o -m32 -g -msoft-float -O0 -fno-stack-protector -nostdinc -I../.. -I../../lib -I../../lib/kernel -Wall -W -Wstrict-prototypes -Wmissing-prototypes -Wsystem-headers  -MMD -MF threads/malloc.d
i386-elf-gcc -c ../../devices/pit.c -o devices/pit.o -m32 -g -msoft-float -O0 -fno-stack-protector -nostdinc -I../.. -I../../lib -I../../lib/kernel -Wall -W -Wstrict-prototypes -Wmissing-prototypes -Wsystem-headers  -MMD -MF devices/pit.d
i386-elf-gcc -c ../../devices/timer.c -o devices/timer.o -m32 -g -msoft-float -O0 -fno-stack-protector -nostdinc -I../.. -I../../lib -I../../lib/kernel -Wall -W -Wstrict-prototypes -Wmissing-prototypes -Wsystem-headers  -MMD -MF devices/timer.d
i386-elf-gcc -c ../../devices/kbd.c -o devices/kbd.o -m32 -g -msoft-float -O0 -fno-stack-protector -nostdinc -I../.. -I../../lib -I../../lib/kernel -Wall -W -Wstrict-prototypes -Wmissing-prototypes -Wsystem-headers  -MMD -MF devices/kbd.d
i386-elf-gcc -c ../../devices/vga.c -o devices/vga.o -m32 -g -msoft-float -O0 -fno-stack-protector -nostdinc -I../.. -I../../lib -I../../lib/kernel -Wall -W -Wstrict-prototypes -Wmissing-prototypes -Wsystem-headers  -MMD -MF devices/vga.d
i386-elf-gcc -c ../../devices/serial.c -o devices/serial.o -m32 -g -msoft-float -O0 -fno-stack-protector -nostdinc -I../.. -I../../lib -I../../lib/kernel -Wall -W -Wstrict-prototypes -Wmissing-prototypes -Wsystem-headers  -MMD -MF devices/serial.d
i386-elf-gcc -c ../../devices/block.c -o devices/block.o -m32 -g -msoft-float -O0 -fno-stack-protector -nostdinc -I../.. -I../../lib -I../../lib/kernel -Wall -W -Wstrict-prototypes -Wmissing-prototypes -Wsystem-headers  -MMD -MF devices/block.d
i386-elf-gcc -c ../../devices/partition.c -o devices/partition.o -m32 -g -msoft-float -O0 -fno-stack-protector -nostdinc -I../.. -I../../lib -I../../lib/kernel -Wall -W -Wstrict-prototypes -Wmissing-prototypes -Wsystem-headers  -MMD -MF devices/partition.d
i386-elf-gcc -c ../../devices/ide.c -o devices/ide.o -m32 -g -msoft-float -O0 -fno-stack-protector -nostdinc -I../.. -I../../lib -I../../lib/kernel -Wall -W -Wstrict-prototypes -Wmissing-prototypes -Wsystem-headers  -MMD -MF devices/ide.d
[01m[K../../devices/ide.c:[m[K In function '[01m[Kide_init[m[K':
[01m[K../../devices/ide.c:135:25:[m[K [01;35m[Kwarning: [m[Kformat '[01m[K%c[m[K' expects argument of type '[01m[Kint[m[K', but argument 4 has type '[01m[Klong unsigned int[m[K' [[01;35m[K-Wformat=[m[K]
                     "hd%[01;35m[Kc[m[K", 'a' + chan_no * 2 + dev_no);
                         [01;35m[K^[m[K
i386-elf-gcc -c ../../devices/input.c -o devices/input.o -m32 -g -msoft-float -O0 -fno-stack-protector -nostdinc -I../.. -I../../lib -I../../lib/kernel -Wall -W -Wstrict-prototypes -Wmissing-prototypes -Wsystem-headers  -MMD -MF devices/input.d
i386-elf-gcc -c ../../devices/intq.c -o devices/intq.o -m32 -g -msoft-float -O0 -fno-stack-protector -nostdinc -I../.. -I../../lib -I../../lib/kernel -Wall -W -Wstrict-prototypes -Wmissing-prototypes -Wsystem-headers  -MMD -MF devices/intq.d
i386-elf-gcc -c ../../devices/rtc.c -o devices/rtc.o -m32 -g -msoft-float -O0 -fno-stack-protector -nostdinc -I../.. -I../../lib -I../../lib/kernel -Wall -W -Wstrict-prototypes -Wmissing-prototypes -Wsystem-headers  -MMD -MF devices/rtc.d
i386-elf-gcc -c ../../devices/shutdown.c -o devices/shutdown.o -m32 -g -msoft-float -O0 -fno-stack-protector -nostdinc -I../.. -I../../lib -I../../lib/kernel -Wall -W -Wstrict-prototypes -Wmissing-prototypes -Wsystem-headers  -MMD -MF devices/shutdown.d
i386-elf-gcc -c ../../devices/speaker.c -o devices/speaker.o -m32 -g -msoft-float -O0 -fno-stack-protector -nostdinc -I../.. -I../../lib -I../../lib/kernel -Wall -W -Wstrict-prototypes -Wmissing-prototypes -Wsystem-headers  -MMD -MF devices/speaker.d
i386-elf-gcc -c ../../lib/debug.c -o lib/debug.o -m32 -g -msoft-float -O0 -fno-stack-protector -nostdinc -I../.. -I../../lib -I../../lib/kernel -Wall -W -Wstrict-prototypes -Wmissing-prototypes -Wsystem-headers  -MMD -MF lib/debug.d
[01m[K../../lib/debug.c:[m[K In function '[01m[Kdebug_backtrace[m[K':
[01m[K../../lib/debug.c:19:14:[m[K [01;35m[Kwarning: [m[Kcalling '[01m[K__builtin_frame_address[m[K' with a nonzero argument is unsafe [[01;35m[K-Wframe-address[m[K]
   for ([01;35m[Kframe = __builtin_frame_address (1)[m[K;
        [01;35m[K~~~~~~^~~~~~~~~~~~~~~~~~~~~~~~~~~~~[m[K
i386-elf-gcc -c ../../lib/random.c -o lib/random.o -m32 -g -msoft-float -O0 -fno-stack-protector -nostdinc -I../.. -I../../lib -I../../lib/kernel -Wall -W -Wstrict-prototypes -Wmissing-prototypes -Wsystem-headers  -MMD -MF lib/random.d
i386-elf-gcc -c ../../lib/stdio.c -o lib/stdio.o -m32 -g -msoft-float -O0 -fno-stack-protector -nostdinc -I../.. -I../../lib -I../../lib/kernel -Wall -W -Wstrict-prototypes -Wmissing-prototypes -Wsystem-headers  -MMD -MF lib/stdio.d
i386-elf-gcc -c ../../lib/stdlib.c -o lib/stdlib.o -m32 -g -msoft-float -O0 -fno-stack-protector -nostdinc -I../.. -I../../lib -I../../lib/kernel -Wall -W -Wstrict-prototypes -Wmissing-prototypes -Wsystem-headers  -MMD -MF lib/stdlib.d
i386-elf-gcc -c ../../lib/string.c -o lib/string.o -m32 -g -msoft-float -O0 -fno-stack-protector -nostdinc -I../.. -I../../lib -I../../lib/kernel -Wall -W -Wstrict-prototypes -Wmissing-prototypes -Wsystem-headers  -MMD -MF lib/string.d
In file included from [01m[K../../lib/string.c:2:0[m[K:
[01m[K../../lib/string.c:[m[K In function '[01m[Kstrchr[m[K':
[01m[K../../lib/debug.h:32:12:[m[K [01;35m[Kwarning: [m[Knonnull argument '[01m[Kstring[m[K' compared to NULL [[01;35m[K-Wnonnull-compare[m[K]
         if [01;35m[K([m[KCONDITION) { } else {                               \
            [01;35m[K^[m[K
[01m[K../../lib/string.c:117:3:[m[K [01;36m[Knote: [m[Kin expansion of macro '[01m[KASSERT[m[K'
   [01;36m[KASSERT[m[K (string != NULL);
   [01;36m[K^~~~~~[m[K
[01m[K../../lib/string.c:[m[K In function '[01m[Kstrlen[m[K':
[01m[K../../lib/debug.h:32:12:[m[K [01;35m[Kwarning: [m[Knonnull argument '[01m[Kstring[m[K' compared to NULL [[01;35m[K-Wnonnull-compare[m[K]
         if [01;35m[K([m[KCONDITION) { } else {                               \
            [01;35m[K^[m[K
[01m[K../../lib/string.c:297:3:[m[K [01;36m[Knote: [m[Kin expansion of macro '[01m[KASSERT[m[K'
   [01;36m[KASSERT[m[K (string != NULL);
   [01;36m[K^~~~~~[m[K
i386-elf-gcc -c ../../lib/arithmetic.c -o lib/arithmetic.o -m32 -g -msoft-float -O0 -fno-stack-protector -nostdinc -I../.. -I../../lib -I../../lib/kernel -Wall -W -Wstrict-prototypes -Wmissing-prototypes -Wsystem-headers  -MMD -MF lib/arithmetic.d
i386-elf-gcc -c ../../lib/ustar.c -o lib/ustar.o -m32 -g -msoft-float -O0 -fno-stack-protector -nostdinc -I../.. -I../../lib -I../../lib/kernel -Wall -W -Wstrict-prototypes -Wmissing-prototypes -Wsystem-headers  -MMD -MF lib/ustar.d
i386-elf-gcc -c ../../lib/kernel/debug.c -o lib/kernel/debug.o -m32 -g -msoft-float -O0 -fno-stack-protector -nostdinc -I../.. -I../../lib -I../../lib/kernel -Wall -W -Wstrict-prototypes -Wmissing-prototypes -Wsystem-headers  -MMD -MF lib/kernel/debug.d
[01m[K../../lib/kernel/debug.c:[m[K In function '[01m[Kprint_stacktrace[m[K':
[01m[K../../lib/kernel/debug.c:82:13:[m[K [01;35m[Kwarning: [m[Kcalling '[01m[K__builtin_frame_address[m[K' with a nonzero argument is unsafe [[01;35m[K-Wframe-address[m[K]
       [01;35m[Kframe = __builtin_frame_address (1)[m[K;
       [01;35m[K~~~~~~^~~~~~~~~~~~~~~~~~~~~~~~~~~~~[m[K
i386-elf-gcc -c ../../lib/kernel/list.c -o lib/kernel/list.o -m32 -g -msoft-float -O0 -fno-stack-protector -nostdinc -I../.. -I../../lib -I../../lib/kernel -Wall -W -Wstrict-prototypes -Wmissing-prototypes -Wsystem-headers  -MMD -MF lib/kernel/list.d
i386-elf-gcc -c ../../lib/kernel/bitmap.c -o lib/kernel/bitmap.o -m32 -g -msoft-float -O0 -fno-stack-protector -nostdinc -I../.. -I../../lib -I../../lib/kernel -Wall -W -Wstrict-prototypes -Wmissing-prototypes -Wsystem-headers  -MMD -MF lib/kernel/bitmap.d
i386-elf-gcc -c ../../lib/kernel/hash.c -o lib/kernel/hash.o -m32 -g -msoft-float -O0 -fno-stack-protector -nostdinc -I../.. -I../../lib -I../../lib/kernel -Wall -W -Wstrict-prototypes -Wmissing-prototypes -Wsystem-headers  -MMD -MF lib/kernel/hash.d
i386-elf-gcc -c ../../lib/kernel/console.c -o lib/kernel/console.o -m32 -g -msoft-float -O0 -fno-stack-protector -nostdinc -I../.. -I../../lib -I../../lib/kernel -Wall -W -Wstrict-prototypes -Wmissing-prototypes -Wsystem-headers  -MMD -MF lib/kernel/console.d
i386-elf-gcc -c ../../tests/threads/tests.c -o tests/threads/tests.o -m32 -g -msoft-float -O0 -fno-stack-protector -nostdinc -I../.. -I../../lib -I../../lib/kernel -Wall -W -Wstrict-prototypes -Wmissing-prototypes -Wsystem-headers  -MMD -MF tests/threads/tests.d
i386-elf-gcc -c ../../tests/threads/alarm-wait.c -o tests/threads/alarm-wait.o -m32 -g -msoft-float -O0 -fno-stack-protector -nostdinc -I../.. -I../../lib -I../../lib/kernel -Wall -W -Wstrict-prototypes -Wmissing-prototypes -Wsystem-headers  -MMD -MF tests/threads/alarm-wait.d
i386-elf-gcc -c ../../tests/threads/alarm-simultaneous.c -o tests/threads/alarm-simultaneous.o -m32 -g -msoft-float -O0 -fno-stack-protector -nostdinc -I../.. -I../../lib -I../../lib/kernel -Wall -W -Wstrict-prototypes -Wmissing-prototypes -Wsystem-headers  -MMD -MF tests/threads/alarm-simultaneous.d
i386-elf-gcc -c ../../tests/threads/alarm-priority.c -o tests/threads/alarm-priority.o -m32 -g -msoft-float -O0 -fno-stack-protector -nostdinc -I../.. -I../../lib -I../../lib/kernel -Wall -W -Wstrict-prototypes -Wmissing-prototypes -Wsystem-headers  -MMD -MF tests/threads/alarm-priority.d
i386-elf-gcc -c ../../tests/threads/alarm-zero.c -o tests/threads/alarm-zero.o -m32 -g -msoft-float -O0 -fno-stack-protector -nostdinc -I../.. -I../../lib -I../../lib/kernel -Wall -W -Wstrict-prototypes -Wmissing-prototypes -Wsystem-headers  -MMD -MF tests/threads/alarm-zero.d
i386-elf-gcc -c ../../tests/threads/alarm-negative.c -o tests/threads/alarm-negative.o -m32 -g -msoft-float -O0 -fno-stack-protector -nostdinc -I../.. -I../../lib -I../../lib/kernel -Wall -W -Wstrict-prototypes -Wmissing-prototypes -Wsystem-headers  -MMD -MF tests/threads/alarm-negative.d
i386-elf-gcc -c ../../tests/threads/priority-change.c -o tests/threads/priority-change.o -m32 -g -msoft-float -O0 -fno-stack-protector -nostdinc -I../.. -I../../lib -I../../lib/kernel -Wall -W -Wstrict-prototypes -Wmissing-prototypes -Wsystem-headers  -MMD -MF tests/threads/priority-change.d
i386-elf-gcc -c ../../tests/threads/priority-donate-one.c -o tests/threads/priority-donate-one.o -m32 -g -msoft-float -O0 -fno-stack-protector -nostdinc -I../.. -I../../lib -I../../lib/kernel -Wall -W -Wstrict-prototypes -Wmissing-prototypes -Wsystem-headers  -MMD -MF tests/threads/priority-donate-one.d
i386-elf-gcc -c ../../tests/threads/priority-donate-multiple.c -o tests/threads/priority-donate-multiple.o -m32 -g -msoft-float -O0 -fno-stack-protector -nostdinc -I../.. -I../../lib -I../../lib/kernel -Wall -W -Wstrict-prototypes -Wmissing-prototypes -Wsystem-headers  -MMD -MF tests/threads/priority-donate-multiple.d
i386-elf-gcc -c ../../tests/threads/priority-donate-multiple2.c -o tests/threads/priority-donate-multiple2.o -m32 -g -msoft-float -O0 -fno-stack-protector -nostdinc -I../.. -I../../lib -I../../lib/kernel -Wall -W -Wstrict-prototypes -Wmissing-prototypes -Wsystem-headers  -MMD -MF tests/threads/priority-donate-multiple2.d
i386-elf-gcc -c ../../tests/threads/priority-donate-nest.c -o tests/threads/priority-donate-nest.o -m32 -g -msoft-float -O0 -fno-stack-protector -nostdinc -I../.. -I../../lib -I../../lib/kernel -Wall -W -Wstrict-prototypes -Wmissing-prototypes -Wsystem-headers  -MMD -MF tests/threads/priority-donate-nest.d
i386-elf-gcc -c ../../tests/threads/priority-donate-sema.c -o tests/threads/priority-donate-sema.o -m32 -g -msoft-float -O0 -fno-stack-protector -nostdinc -I../.. -I../../lib -I../../lib/kernel -Wall -W -Wstrict-prototypes -Wmissing-prototypes -Wsystem-headers  -MMD -MF tests/threads/priority-donate-sema.d
i386-elf-gcc -c ../../tests/threads/priority-donate-lower.c -o tests/threads/priority-donate-lower.o -m32 -g -msoft-float -O0 -fno-stack-protector -nostdinc -I../.. -I../../lib -I../../lib/kernel -Wall -W -Wstrict-prototypes -Wmissing-prototypes -Wsystem-headers  -MMD -MF tests/threads/priority-donate-lower.d
i386-elf-gcc -c ../../tests/threads/priority-fifo.c -o tests/threads/priority-fifo.o -m32 -g -msoft-float -O0 -fno-stack-protector -nostdinc -I../.. -I../../lib -I../../lib/kernel -Wall -W -Wstrict-prototypes -Wmissing-prototypes -Wsystem-headers  -MMD -MF tests/threads/priority-fifo.d
i386-elf-gcc -c ../../tests/threads/priority-preempt.c -o tests/threads/priority-preempt.o -m32 -g -msoft-float -O0 -fno-stack-protector -nostdinc -I../.. -I../../lib -I../../lib/kernel -Wall -W -Wstrict-prototypes -Wmissing-prototypes -Wsystem-headers  -MMD -MF tests/threads/priority-preempt.d
i386-elf-gcc -c ../../tests/threads/priority-sema.c -o tests/threads/priority-sema.o -m32 -g -msoft-float -O0 -fno-stack-protector -nostdinc -I../.. -I../../lib -I../../lib/kernel -Wall -W -Wstrict-prototypes -Wmissing-prototypes -Wsystem-headers  -MMD -MF tests/threads/priority-sema.d
i386-elf-gcc -c ../../tests/threads/priority-condvar.c -o tests/threads/priority-condvar.o -m32 -g -msoft-float -O0 -fno-stack-protector -nostdinc -I../.. -I../../lib -I../../lib/kernel -Wall -W -Wstrict-prototypes -Wmissing-prototypes -Wsystem-headers  -MMD -MF tests/threads/priority-condvar.d
i386-elf-gcc -c ../../tests/threads/priority-donate-chain.c -o tests/threads/priority-donate-chain.o -m32 -g -msoft-float -O0 -fno-stack-protector -nostdinc -I../.. -I../../lib -I../../lib/kernel -Wall -W -Wstrict-prototypes -Wmissing-prototypes -Wsystem-headers  -MMD -MF tests/threads/priority-donate-chain.d
i386-elf-gcc -c ../../tests/threads/mlfqs-load-1.c -o tests/threads/mlfqs-load-1.o -m32 -g -msoft-float -O0 -fno-stack-protector -nostdinc -I../.. -I../../lib -I../../lib/kernel -Wall -W -Wstrict-prototypes -Wmissing-prototypes -Wsystem-headers  -MMD -MF tests/threads/mlfqs-load-1.d
i386-elf-gcc -c ../../tests/threads/mlfqs-load-60.c -o tests/threads/mlfqs-load-60.o -m32 -g -msoft-float -O0 -fno-stack-protector -nostdinc -I../.. -I../../lib -I../../lib/kernel -Wall -W -Wstrict-prototypes -Wmissing-prototypes -Wsystem-headers  -MMD -MF tests/threads/mlfqs-load-60.d
i386-elf-gcc -c ../../tests/threads/mlfqs-load-avg.c -o tests/threads/mlfqs-load-avg.o -m32 -g -msoft-float -O0 -fno-stack-protector -nostdinc -I../.. -I../../lib -I../../lib/kernel -Wall -W -Wstrict-prototypes -Wmissing-prototypes -Wsystem-headers  -MMD -MF tests/threads/mlfqs-load-avg.d
i386-elf-gcc -c ../../tests/threads/mlfqs-recent-1.c -o tests/threads/mlfqs-recent-1.o -m32 -g -msoft-float -O0 -fno-stack-protector -nostdinc -I../.. -I../../lib -I../../lib/kernel -Wall -W -Wstrict-prototypes -Wmissing-prototypes -Wsystem-headers  -MMD -MF tests/threads/mlfqs-recent-1.d
i386-elf-gcc -c ../../tests/threads/mlfqs-fair.c -o tests/threads/mlfqs-fair.o -m32 -g -msoft-float -O0 -fno-stack-protector -nostdinc -I../.. -I../../lib -I../../lib/kernel -Wall -W -Wstrict-prototypes -Wmissing-prototypes -Wsystem-headers  -MMD -MF tests/threads/mlfqs-fair.d
i386-elf-gcc -c ../../tests/threads/mlfqs-block.c -o tests/threads/mlfqs-block.o -m32 -g -msoft-float -O0 -fno-stack-protector -nostdinc -I../.. -I../../lib -I../../lib/kernel -Wall -W -Wstrict-prototypes -Wmissing-prototypes -Wsystem-headers  -MMD -MF tests/threads/mlfqs-block.d
i386-elf-ld -melf_i386 -T threads/kernel.lds.s -o kernel.o threads/start.o threads/init.o threads/thread.o threads/switch.o threads/interrupt.o threads/intr-stubs.o threads/synch.o threads/palloc.o threads/malloc.o devices/pit.o devices/timer.o devices/kbd.o devices/vga.o devices/serial.o devices/block.o devices/partition.o devices/ide.o devices/input.o devices/intq.o devices/rtc.o devices/shutdown.o devices/speaker.o lib/debug.o lib/random.o lib/stdio.o lib/stdlib.o lib/string.o lib/arithmetic.o lib/ustar.o lib/kernel/debug.o lib/kernel/list.o lib/kernel/bitmap.o lib/kernel/hash.o lib/kernel/console.o tests/threads/tests.o tests/threads/alarm-wait.o tests/threads/alarm-simultaneous.o tests/threads/alarm-priority.o tests/threads/alarm-zero.o tests/threads/alarm-negative.o tests/threads/priority-change.o tests/threads/priority-donate-one.o tests/threads/priority-donate-multiple.o tests/threads/priority-donate-multiple2.o tests/threads/priority-donate-nest.o tests/threads/priority-donate-sema.o tests/threads/priority-donate-lower.o tests/threads/priority-fifo.o tests/threads/priority-preempt.o tests/threads/priority-sema.o tests/threads/priority-condvar.o tests/threads/priority-donate-chain.o tests/threads/mlfqs-load-1.o tests/threads/mlfqs-load-60.o tests/threads/mlfqs-load-avg.o tests/threads/mlfqs-recent-1.o tests/threads/mlfqs-fair.o tests/threads/mlfqs-block.o
i386-elf-objdump -S kernel.o > kernel.asm
i386-elf-nm -n kernel.o > kernel.sym
i386-elf-objcopy -R .note -R .comment -S kernel.o kernel.bin
i386-elf-gcc -c ../../threads/loader.S -o threads/loader.o -Wa,--gstabs,--32 -nostdinc -I../.. -I../../lib 
i386-elf-ld -melf_i386 -N -e 0 -Ttext 0x7c00 -o loader.out threads/loader.o
i386-elf-objdump -S loader.out > loader.asm
i386-elf-objcopy -S -O binary -j .text loader.out loader.bin
rm loader.out
make[1]: Leaving directory '/home/rafaelborba/rpb/src/threads/build'
make: Leaving directory '/home/rafaelborba/rpb/src/threads'

===== TESTES DO ALARM CLOCK =====

$ make -C /home/rafaelborba/rpb/src/threads/build tests/threads/alarm-single.result
make: Entering directory '/home/rafaelborba/rpb/src/threads/build'
pintos -v -k -T 60 --qemu  -- -q  run alarm-single < /dev/null 2> tests/threads/alarm-single.errors > tests/threads/alarm-single.output
perl -I../.. ../../tests/threads/alarm-single.ck tests/threads/alarm-single tests/threads/alarm-single.result
[32mpass tests/threads/alarm-single
[0mmake: Leaving directory '/home/rafaelborba/rpb/src/threads/build'

$ make -C /home/rafaelborba/rpb/src/threads/build tests/threads/alarm-multiple.result
make: Entering directory '/home/rafaelborba/rpb/src/threads/build'
pintos -v -k -T 60 --qemu  -- -q  run alarm-multiple < /dev/null 2> tests/threads/alarm-multiple.errors > tests/threads/alarm-multiple.output
perl -I../.. ../../tests/threads/alarm-multiple.ck tests/threads/alarm-multiple tests/threads/alarm-multiple.result
[32mpass tests/threads/alarm-multiple
[0mmake: Leaving directory '/home/rafaelborba/rpb/src/threads/build'

$ make -C /home/rafaelborba/rpb/src/threads/build tests/threads/alarm-simultaneous.result
make: Entering directory '/home/rafaelborba/rpb/src/threads/build'
pintos -v -k -T 60 --qemu  -- -q  run alarm-simultaneous < /dev/null 2> tests/threads/alarm-simultaneous.errors > tests/threads/alarm-simultaneous.output
perl -I../.. ../../tests/threads/alarm-simultaneous.ck tests/threads/alarm-simultaneous tests/threads/alarm-simultaneous.result
[32mpass tests/threads/alarm-simultaneous
[0mmake: Leaving directory '/home/rafaelborba/rpb/src/threads/build'

$ make -C /home/rafaelborba/rpb/src/threads/build tests/threads/alarm-zero.result
make: Entering directory '/home/rafaelborba/rpb/src/threads/build'
pintos -v -k -T 60 --qemu  -- -q  run alarm-zero < /dev/null 2> tests/threads/alarm-zero.errors > tests/threads/alarm-zero.output
perl -I../.. ../../tests/threads/alarm-zero.ck tests/threads/alarm-zero tests/threads/alarm-zero.result
[32mpass tests/threads/alarm-zero
[0mmake: Leaving directory '/home/rafaelborba/rpb/src/threads/build'

$ make -C /home/rafaelborba/rpb/src/threads/build tests/threads/alarm-negative.result
make: Entering directory '/home/rafaelborba/rpb/src/threads/build'
pintos -v -k -T 60 --qemu  -- -q  run alarm-negative < /dev/null 2> tests/threads/alarm-negative.errors > tests/threads/alarm-negative.output
perl -I../.. ../../tests/threads/alarm-negative.ck tests/threads/alarm-negative tests/threads/alarm-negative.result
[32mpass tests/threads/alarm-negative
[0mmake: Leaving directory '/home/rafaelborba/rpb/src/threads/build'

===== FIM =====

$ date
Mon Sep 21 16:34:30 -03 2026

Script done on 2026-09-21 16:34:30-03:00 [COMMAND_EXIT_CODE="0"]
